Archive member included to satisfy reference by file (symbol)

/home/matt/ti/ccsv8/tools/compiler/msp430-gcc-7.3.1.24_linux64/bin/../lib/gcc/msp430-elf/7.3.1/../../../../msp430-elf/lib/large/libcrt.a(crt_bss.o)
                              /home/matt/ti/ccsv8/tools/compiler/msp430-gcc-7.3.1.24_linux64/bin/../lib/gcc/msp430-elf/7.3.1/large/crtbegin.o (__crt0_init_bss)
/home/matt/ti/ccsv8/tools/compiler/msp430-gcc-7.3.1.24_linux64/bin/../lib/gcc/msp430-elf/7.3.1/../../../../msp430-elf/lib/large/libcrt.a(crt_movedata.o)
                              /home/matt/ti/ccsv8/tools/compiler/msp430-gcc-7.3.1.24_linux64/bin/../lib/gcc/msp430-elf/7.3.1/large/crtbegin.o (__crt0_movedata)
/home/matt/ti/ccsv8/tools/compiler/msp430-gcc-7.3.1.24_linux64/bin/../lib/gcc/msp430-elf/7.3.1/../../../../msp430-elf/lib/large/libcrt.a(crt_main.o)
                              /home/matt/ti/ccsv8/tools/compiler/msp430-gcc-7.3.1.24_linux64/bin/../lib/gcc/msp430-elf/7.3.1/../../../../msp430-elf/lib/large/crt0.o (__crt0_call_init_then_main)
/home/matt/ti/ccsv8/tools/compiler/msp430-gcc-7.3.1.24_linux64/bin/../lib/gcc/msp430-elf/7.3.1/../../../../msp430-elf/lib/large/libc.a(lib_a-memmove.o)
                              /home/matt/ti/ccsv8/tools/compiler/msp430-gcc-7.3.1.24_linux64/bin/../lib/gcc/msp430-elf/7.3.1/../../../../msp430-elf/lib/large/libcrt.a(crt_movedata.o) (memmove)
/home/matt/ti/ccsv8/tools/compiler/msp430-gcc-7.3.1.24_linux64/bin/../lib/gcc/msp430-elf/7.3.1/../../../../msp430-elf/lib/large/libc.a(lib_a-memset.o)
                              /home/matt/ti/ccsv8/tools/compiler/msp430-gcc-7.3.1.24_linux64/bin/../lib/gcc/msp430-elf/7.3.1/../../../../msp430-elf/lib/large/libcrt.a(crt_bss.o) (memset)

Discarded input sections

 .text          0x0000000000000000        0x0 /home/matt/ti/ccsv8/tools/compiler/msp430-gcc-7.3.1.24_linux64/bin/../lib/gcc/msp430-elf/7.3.1/../../../../msp430-elf/lib/large/crt0.o
 .data          0x0000000000000000        0x0 /home/matt/ti/ccsv8/tools/compiler/msp430-gcc-7.3.1.24_linux64/bin/../lib/gcc/msp430-elf/7.3.1/../../../../msp430-elf/lib/large/crt0.o
 .bss           0x0000000000000000        0x0 /home/matt/ti/ccsv8/tools/compiler/msp430-gcc-7.3.1.24_linux64/bin/../lib/gcc/msp430-elf/7.3.1/../../../../msp430-elf/lib/large/crt0.o
 .text          0x0000000000000000        0x4 /home/matt/ti/ccsv8/tools/compiler/msp430-gcc-7.3.1.24_linux64/bin/../lib/gcc/msp430-elf/7.3.1/large/crtbegin.o
 .data          0x0000000000000000        0x0 /home/matt/ti/ccsv8/tools/compiler/msp430-gcc-7.3.1.24_linux64/bin/../lib/gcc/msp430-elf/7.3.1/large/crtbegin.o
 .bss           0x0000000000000000        0x0 /home/matt/ti/ccsv8/tools/compiler/msp430-gcc-7.3.1.24_linux64/bin/../lib/gcc/msp430-elf/7.3.1/large/crtbegin.o
 .data.__dso_handle
                0x0000000000000000        0x4 /home/matt/ti/ccsv8/tools/compiler/msp430-gcc-7.3.1.24_linux64/bin/../lib/gcc/msp430-elf/7.3.1/large/crtbegin.o
 .text.call___do_global_dtors_aux
                0x0000000000000000        0x0 /home/matt/ti/ccsv8/tools/compiler/msp430-gcc-7.3.1.24_linux64/bin/../lib/gcc/msp430-elf/7.3.1/large/crtbegin.o
 .text.call_frame_dummy
                0x0000000000000000        0x0 /home/matt/ti/ccsv8/tools/compiler/msp430-gcc-7.3.1.24_linux64/bin/../lib/gcc/msp430-elf/7.3.1/large/crtbegin.o
 .data          0x0000000000000000        0x0 ./main.o
 .bss           0x0000000000000000        0x0 ./main.o
 .text          0x0000000000000000        0x0 /home/matt/ti/ccsv8/tools/compiler/msp430-gcc-7.3.1.24_linux64/bin/../lib/gcc/msp430-elf/7.3.1/../../../../msp430-elf/lib/large/libcrt.a(crt_bss.o)
 .data          0x0000000000000000        0x0 /home/matt/ti/ccsv8/tools/compiler/msp430-gcc-7.3.1.24_linux64/bin/../lib/gcc/msp430-elf/7.3.1/../../../../msp430-elf/lib/large/libcrt.a(crt_bss.o)
 .bss           0x0000000000000000        0x0 /home/matt/ti/ccsv8/tools/compiler/msp430-gcc-7.3.1.24_linux64/bin/../lib/gcc/msp430-elf/7.3.1/../../../../msp430-elf/lib/large/libcrt.a(crt_bss.o)
 .text          0x0000000000000000        0x0 /home/matt/ti/ccsv8/tools/compiler/msp430-gcc-7.3.1.24_linux64/bin/../lib/gcc/msp430-elf/7.3.1/../../../../msp430-elf/lib/large/libcrt.a(crt_movedata.o)
 .data          0x0000000000000000        0x0 /home/matt/ti/ccsv8/tools/compiler/msp430-gcc-7.3.1.24_linux64/bin/../lib/gcc/msp430-elf/7.3.1/../../../../msp430-elf/lib/large/libcrt.a(crt_movedata.o)
 .bss           0x0000000000000000        0x0 /home/matt/ti/ccsv8/tools/compiler/msp430-gcc-7.3.1.24_linux64/bin/../lib/gcc/msp430-elf/7.3.1/../../../../msp430-elf/lib/large/libcrt.a(crt_movedata.o)
 .text          0x0000000000000000        0x0 /home/matt/ti/ccsv8/tools/compiler/msp430-gcc-7.3.1.24_linux64/bin/../lib/gcc/msp430-elf/7.3.1/../../../../msp430-elf/lib/large/libcrt.a(crt_main.o)
 .data          0x0000000000000000        0x0 /home/matt/ti/ccsv8/tools/compiler/msp430-gcc-7.3.1.24_linux64/bin/../lib/gcc/msp430-elf/7.3.1/../../../../msp430-elf/lib/large/libcrt.a(crt_main.o)
 .bss           0x0000000000000000        0x0 /home/matt/ti/ccsv8/tools/compiler/msp430-gcc-7.3.1.24_linux64/bin/../lib/gcc/msp430-elf/7.3.1/../../../../msp430-elf/lib/large/libcrt.a(crt_main.o)
 .text          0x0000000000000000        0x0 /home/matt/ti/ccsv8/tools/compiler/msp430-gcc-7.3.1.24_linux64/bin/../lib/gcc/msp430-elf/7.3.1/../../../../msp430-elf/lib/large/libc.a(lib_a-memmove.o)
 .data          0x0000000000000000        0x0 /home/matt/ti/ccsv8/tools/compiler/msp430-gcc-7.3.1.24_linux64/bin/../lib/gcc/msp430-elf/7.3.1/../../../../msp430-elf/lib/large/libc.a(lib_a-memmove.o)
 .bss           0x0000000000000000        0x0 /home/matt/ti/ccsv8/tools/compiler/msp430-gcc-7.3.1.24_linux64/bin/../lib/gcc/msp430-elf/7.3.1/../../../../msp430-elf/lib/large/libc.a(lib_a-memmove.o)
 .text          0x0000000000000000        0x0 /home/matt/ti/ccsv8/tools/compiler/msp430-gcc-7.3.1.24_linux64/bin/../lib/gcc/msp430-elf/7.3.1/../../../../msp430-elf/lib/large/libc.a(lib_a-memset.o)
 .data          0x0000000000000000        0x0 /home/matt/ti/ccsv8/tools/compiler/msp430-gcc-7.3.1.24_linux64/bin/../lib/gcc/msp430-elf/7.3.1/../../../../msp430-elf/lib/large/libc.a(lib_a-memset.o)
 .bss           0x0000000000000000        0x0 /home/matt/ti/ccsv8/tools/compiler/msp430-gcc-7.3.1.24_linux64/bin/../lib/gcc/msp430-elf/7.3.1/../../../../msp430-elf/lib/large/libc.a(lib_a-memset.o)
 .text          0x0000000000000000        0x2 /home/matt/ti/ccsv8/tools/compiler/msp430-gcc-7.3.1.24_linux64/bin/../lib/gcc/msp430-elf/7.3.1/large/crtend.o
 .data          0x0000000000000000        0x0 /home/matt/ti/ccsv8/tools/compiler/msp430-gcc-7.3.1.24_linux64/bin/../lib/gcc/msp430-elf/7.3.1/large/crtend.o
 .bss           0x0000000000000000        0x0 /home/matt/ti/ccsv8/tools/compiler/msp430-gcc-7.3.1.24_linux64/bin/../lib/gcc/msp430-elf/7.3.1/large/crtend.o
 .text.call___do_global_ctors_aux
                0x0000000000000000        0x0 /home/matt/ti/ccsv8/tools/compiler/msp430-gcc-7.3.1.24_linux64/bin/../lib/gcc/msp430-elf/7.3.1/large/crtend.o
 .text          0x0000000000000000        0x0 /home/matt/ti/ccsv8/tools/compiler/msp430-gcc-7.3.1.24_linux64/bin/../lib/gcc/msp430-elf/7.3.1/../../../../msp430-elf/lib/large/crtn.o
 .data          0x0000000000000000        0x0 /home/matt/ti/ccsv8/tools/compiler/msp430-gcc-7.3.1.24_linux64/bin/../lib/gcc/msp430-elf/7.3.1/../../../../msp430-elf/lib/large/crtn.o
 .bss           0x0000000000000000        0x0 /home/matt/ti/ccsv8/tools/compiler/msp430-gcc-7.3.1.24_linux64/bin/../lib/gcc/msp430-elf/7.3.1/../../../../msp430-elf/lib/large/crtn.o

Memory Configuration

Name             Origin             Length             Attributes
SFR              0x0000000000000000 0x0000000000000010
RAM              0x0000000000000200 0x0000000000000200
INFOMEM          0x0000000000001000 0x0000000000000100
INFOA            0x00000000000010c0 0x0000000000000040
INFOB            0x0000000000001080 0x0000000000000040
INFOC            0x0000000000001040 0x0000000000000040
INFOD            0x0000000000001000 0x0000000000000040
ROM              0x000000000000c000 0x0000000000003fde xr
BSLSIGNATURE     0x000000000000ffde 0x0000000000000002
VECT1            0x000000000000ffe0 0x0000000000000002
VECT2            0x000000000000ffe2 0x0000000000000002
VECT3            0x000000000000ffe4 0x0000000000000002
VECT4            0x000000000000ffe6 0x0000000000000002
VECT5            0x000000000000ffe8 0x0000000000000002
VECT6            0x000000000000ffea 0x0000000000000002
VECT7            0x000000000000ffec 0x0000000000000002
VECT8            0x000000000000ffee 0x0000000000000002
VECT9            0x000000000000fff0 0x0000000000000002
VECT10           0x000000000000fff2 0x0000000000000002
VECT11           0x000000000000fff4 0x0000000000000002
VECT12           0x000000000000fff6 0x0000000000000002
VECT13           0x000000000000fff8 0x0000000000000002
VECT14           0x000000000000fffa 0x0000000000000002
VECT15           0x000000000000fffc 0x0000000000000002
RESETVEC         0x000000000000fffe 0x0000000000000002
*default*        0x0000000000000000 0xffffffffffffffff

Linker script and memory map

LOAD /home/matt/ti/ccsv8/tools/compiler/msp430-gcc-7.3.1.24_linux64/bin/../lib/gcc/msp430-elf/7.3.1/../../../../msp430-elf/lib/large/crt0.o
LOAD /home/matt/ti/ccsv8/tools/compiler/msp430-gcc-7.3.1.24_linux64/bin/../lib/gcc/msp430-elf/7.3.1/large/crtbegin.o
LOAD ./main.o
START GROUP
LOAD /home/matt/ti/ccsv8/tools/compiler/msp430-gcc-7.3.1.24_linux64/bin/../lib/gcc/msp430-elf/7.3.1/large/libgcc.a
LOAD /home/matt/ti/ccsv8/tools/compiler/msp430-gcc-7.3.1.24_linux64/bin/../lib/gcc/msp430-elf/7.3.1/../../../../msp430-elf/lib/large/libc.a
END GROUP
LOAD /home/matt/ti/ccsv8/tools/compiler/msp430-gcc-7.3.1.24_linux64/bin/../lib/gcc/msp430-elf/7.3.1/large/libgcc.a
START GROUP
LOAD /home/matt/ti/ccsv8/tools/compiler/msp430-gcc-7.3.1.24_linux64/bin/../lib/gcc/msp430-elf/7.3.1/large/libmul_none.a
LOAD /home/matt/ti/ccsv8/tools/compiler/msp430-gcc-7.3.1.24_linux64/bin/../lib/gcc/msp430-elf/7.3.1/../../../../msp430-elf/lib/large/libc.a
LOAD /home/matt/ti/ccsv8/tools/compiler/msp430-gcc-7.3.1.24_linux64/bin/../lib/gcc/msp430-elf/7.3.1/large/libgcc.a
LOAD /home/matt/ti/ccsv8/tools/compiler/msp430-gcc-7.3.1.24_linux64/bin/../lib/gcc/msp430-elf/7.3.1/../../../../msp430-elf/lib/large/libcrt.a
LOAD /home/matt/ti/ccsv8/tools/compiler/msp430-gcc-7.3.1.24_linux64/bin/../lib/gcc/msp430-elf/7.3.1/../../../../msp430-elf/lib/large/libnosys.a
END GROUP
LOAD /home/matt/ti/ccsv8/tools/compiler/msp430-gcc-7.3.1.24_linux64/bin/../lib/gcc/msp430-elf/7.3.1/large/libgcc.a
LOAD /home/matt/ti/ccsv8/tools/compiler/msp430-gcc-7.3.1.24_linux64/bin/../lib/gcc/msp430-elf/7.3.1/large/crtend.o
LOAD /home/matt/ti/ccsv8/tools/compiler/msp430-gcc-7.3.1.24_linux64/bin/../lib/gcc/msp430-elf/7.3.1/../../../../msp430-elf/lib/large/crtn.o
LOAD /home/matt/ti/ccsv8/tools/compiler/msp430-gcc-7.3.1.24_linux64/bin/../lib/gcc/msp430-elf/7.3.1/large/libgcc.a

.bslsignature

__interrupt_vector_1
 *(__interrupt_vector_1)
 *(__interrupt_vector_trapint)

__interrupt_vector_2
 *(__interrupt_vector_2)

__interrupt_vector_3
 *(__interrupt_vector_3)
 *(__interrupt_vector_port1)

__interrupt_vector_4
 *(__interrupt_vector_4)
 *(__interrupt_vector_port2)

__interrupt_vector_5
 *(__interrupt_vector_5)

__interrupt_vector_6
 *(__interrupt_vector_6)
 *(__interrupt_vector_adc10)

__interrupt_vector_7
 *(__interrupt_vector_7)
 *(__interrupt_vector_usciab0tx)

__interrupt_vector_8
 *(__interrupt_vector_8)
 *(__interrupt_vector_usciab0rx)

__interrupt_vector_9
 *(__interrupt_vector_9)
 *(__interrupt_vector_timer0_a1)

__interrupt_vector_10
 *(__interrupt_vector_10)
 *(__interrupt_vector_timer0_a0)

__interrupt_vector_11
 *(__interrupt_vector_11)
 *(__interrupt_vector_wdt)

__interrupt_vector_12
 *(__interrupt_vector_12)
 *(__interrupt_vector_comparatora)

__interrupt_vector_13
 *(__interrupt_vector_13)
 *(__interrupt_vector_timer1_a1)

__interrupt_vector_14
 *(__interrupt_vector_14)
 *(__interrupt_vector_timer1_a0)

__interrupt_vector_15
 *(__interrupt_vector_15)
 *(__interrupt_vector_nmi)

__reset_vector  0x000000000000fffe        0x2
 *(__interrupt_vector_16)
 *(__interrupt_vector_reset)
 *(.resetvec)
 .resetvec      0x000000000000fffe        0x2 /home/matt/ti/ccsv8/tools/compiler/msp430-gcc-7.3.1.24_linux64/bin/../lib/gcc/msp430-elf/7.3.1/../../../../msp430-elf/lib/large/crt0.o

.rodata         0x000000000000c000        0x0
                0x000000000000c000                . = ALIGN (0x2)
 *(.plt)
 *(.rodata .rodata.* .gnu.linkonce.r.* .const .const:*)
 *(.rodata1)
 *(.gcc_except_table)
 *(.gcc_except_table.*)
                0x000000000000c000                PROVIDE (__preinit_array_start, .)
 *(.preinit_array)
                0x000000000000c000                PROVIDE (__preinit_array_end, .)
                0x000000000000c000                PROVIDE (__init_array_start, .)
 *(SORT(.init_array.*))
 *(.init_array)
                0x000000000000c000                PROVIDE (__init_array_end, .)
                0x000000000000c000                PROVIDE (__fini_array_start, .)
 *(.fini_array)
 *(SORT(.fini_array.*))
                0x000000000000c000                PROVIDE (__fini_array_end, .)

.rodata2        0x000000000000c000       0x14
                0x000000000000c000                . = ALIGN (0x2)
 *(.eh_frame_hdr)
 *(.eh_frame)
 .eh_frame      0x000000000000c000        0x0 /home/matt/ti/ccsv8/tools/compiler/msp430-gcc-7.3.1.24_linux64/bin/../lib/gcc/msp430-elf/7.3.1/large/crtbegin.o
 .eh_frame      0x000000000000c000        0x4 /home/matt/ti/ccsv8/tools/compiler/msp430-gcc-7.3.1.24_linux64/bin/../lib/gcc/msp430-elf/7.3.1/large/crtend.o
 *crtbegin*.o(.ctors)
 .ctors         0x000000000000c004        0x4 /home/matt/ti/ccsv8/tools/compiler/msp430-gcc-7.3.1.24_linux64/bin/../lib/gcc/msp430-elf/7.3.1/large/crtbegin.o
 *(EXCLUDE_FILE(*crtend*.o) .ctors)
 *(SORT(.ctors.*))
 *(.ctors)
 .ctors         0x000000000000c008        0x4 /home/matt/ti/ccsv8/tools/compiler/msp430-gcc-7.3.1.24_linux64/bin/../lib/gcc/msp430-elf/7.3.1/large/crtend.o
 *crtbegin*.o(.dtors)
 .dtors         0x000000000000c00c        0x4 /home/matt/ti/ccsv8/tools/compiler/msp430-gcc-7.3.1.24_linux64/bin/../lib/gcc/msp430-elf/7.3.1/large/crtbegin.o
 *(EXCLUDE_FILE(*crtend*.o) .dtors)
 *(SORT(.dtors.*))
 *(.dtors)
 .dtors         0x000000000000c010        0x4 /home/matt/ti/ccsv8/tools/compiler/msp430-gcc-7.3.1.24_linux64/bin/../lib/gcc/msp430-elf/7.3.1/large/crtend.o
                0x000000000000c010                __DTOR_END__

.text           0x000000000000c014      0x2a0
                0x000000000000c014                . = ALIGN (0x2)
                0x000000000000c014                PROVIDE (_start, .)
 *(SORT(.crt_*))
 .crt_0000start
                0x000000000000c014        0x4 /home/matt/ti/ccsv8/tools/compiler/msp430-gcc-7.3.1.24_linux64/bin/../lib/gcc/msp430-elf/7.3.1/../../../../msp430-elf/lib/large/crt0.o
                0x000000000000c014                __crt0_start
 .crt_0100init_bss
                0x000000000000c018       0x10 /home/matt/ti/ccsv8/tools/compiler/msp430-gcc-7.3.1.24_linux64/bin/../lib/gcc/msp430-elf/7.3.1/../../../../msp430-elf/lib/large/libcrt.a(crt_bss.o)
                0x000000000000c018                __crt0_init_bss
 .crt_0300movedata
                0x000000000000c028       0x14 /home/matt/ti/ccsv8/tools/compiler/msp430-gcc-7.3.1.24_linux64/bin/../lib/gcc/msp430-elf/7.3.1/../../../../msp430-elf/lib/large/libcrt.a(crt_movedata.o)
                0x000000000000c028                __crt0_movedata
 .crt_0700call_init_then_main
                0x000000000000c03c        0xa /home/matt/ti/ccsv8/tools/compiler/msp430-gcc-7.3.1.24_linux64/bin/../lib/gcc/msp430-elf/7.3.1/../../../../msp430-elf/lib/large/libcrt.a(crt_main.o)
                0x000000000000c03c                __crt0_call_init_then_main
 .crt_0900main_init
                0x000000000000c046       0x40 /home/matt/ti/ccsv8/tools/compiler/msp430-gcc-7.3.1.24_linux64/bin/../lib/gcc/msp430-elf/7.3.1/../../../../msp430-elf/lib/large/crt0.o
                0x000000000000c046                _msp430_run_init_array
                0x000000000000c056                _msp430_run_preinit_array
                0x000000000000c066                _msp430_run_fini_array
 *(.lowtext .text .stub .text.* .gnu.linkonce.t.* .text:*)
 .text.deregister_tm_clones
                0x000000000000c086       0x1c /home/matt/ti/ccsv8/tools/compiler/msp430-gcc-7.3.1.24_linux64/bin/../lib/gcc/msp430-elf/7.3.1/large/crtbegin.o
 .text.register_tm_clones
                0x000000000000c0a2       0x7e /home/matt/ti/ccsv8/tools/compiler/msp430-gcc-7.3.1.24_linux64/bin/../lib/gcc/msp430-elf/7.3.1/large/crtbegin.o
 .text.__do_global_dtors_aux
                0x000000000000c120       0x9e /home/matt/ti/ccsv8/tools/compiler/msp430-gcc-7.3.1.24_linux64/bin/../lib/gcc/msp430-elf/7.3.1/large/crtbegin.o
 .text.frame_dummy
                0x000000000000c1be       0x1a /home/matt/ti/ccsv8/tools/compiler/msp430-gcc-7.3.1.24_linux64/bin/../lib/gcc/msp430-elf/7.3.1/large/crtbegin.o
 .text          0x000000000000c1d8       0x36 ./main.o
                0x000000000000c1d8                main
 .text.memmove  0x000000000000c20e       0x52 /home/matt/ti/ccsv8/tools/compiler/msp430-gcc-7.3.1.24_linux64/bin/../lib/gcc/msp430-elf/7.3.1/../../../../msp430-elf/lib/large/libc.a(lib_a-memmove.o)
                0x000000000000c20e                memmove
 .text.memset   0x000000000000c260       0x1a /home/matt/ti/ccsv8/tools/compiler/msp430-gcc-7.3.1.24_linux64/bin/../lib/gcc/msp430-elf/7.3.1/../../../../msp430-elf/lib/large/libc.a(lib_a-memset.o)
                0x000000000000c260                memset
 .text.__do_global_ctors_aux
                0x000000000000c27a       0x1c /home/matt/ti/ccsv8/tools/compiler/msp430-gcc-7.3.1.24_linux64/bin/../lib/gcc/msp430-elf/7.3.1/large/crtend.o
 *(.text.*personality*)
 *(.gnu.warning)
 *(.interp .hash .dynsym .dynstr .gnu.version*)
                [!provide]                        PROVIDE (__etext, .)
                [!provide]                        PROVIDE (_etext, .)
                [!provide]                        PROVIDE (etext, .)
                0x000000000000c296                . = ALIGN (0x2)
 *(.init)
 .init          0x000000000000c296        0x0 /home/matt/ti/ccsv8/tools/compiler/msp430-gcc-7.3.1.24_linux64/bin/../lib/gcc/msp430-elf/7.3.1/../../../../msp430-elf/lib/large/crt0.o
                0x000000000000c296                __msp430_init
 .init          0x000000000000c296        0x4 /home/matt/ti/ccsv8/tools/compiler/msp430-gcc-7.3.1.24_linux64/bin/../lib/gcc/msp430-elf/7.3.1/large/crtbegin.o
 .init          0x000000000000c29a        0x4 /home/matt/ti/ccsv8/tools/compiler/msp430-gcc-7.3.1.24_linux64/bin/../lib/gcc/msp430-elf/7.3.1/large/crtend.o
 .init          0x000000000000c29e        0xa /home/matt/ti/ccsv8/tools/compiler/msp430-gcc-7.3.1.24_linux64/bin/../lib/gcc/msp430-elf/7.3.1/../../../../msp430-elf/lib/large/crtn.o
                0x000000000000c2a8                __msp430_init_end
 *(.fini)
 .fini          0x000000000000c2a8        0x4 /home/matt/ti/ccsv8/tools/compiler/msp430-gcc-7.3.1.24_linux64/bin/../lib/gcc/msp430-elf/7.3.1/../../../../msp430-elf/lib/large/crt0.o
                0x000000000000c2a8                __msp430_fini
 .fini          0x000000000000c2ac        0x4 /home/matt/ti/ccsv8/tools/compiler/msp430-gcc-7.3.1.24_linux64/bin/../lib/gcc/msp430-elf/7.3.1/large/crtbegin.o
 .fini          0x000000000000c2b0        0x2 /home/matt/ti/ccsv8/tools/compiler/msp430-gcc-7.3.1.24_linux64/bin/../lib/gcc/msp430-elf/7.3.1/../../../../msp430-elf/lib/large/crtn.o
                0x000000000000c2b2                __msp430_fini_end
 *(.tm_clone_table)
 *fill*         0x000000000000c2b2        0x2 
 .tm_clone_table
                0x000000000000c2b4        0x0 /home/matt/ti/ccsv8/tools/compiler/msp430-gcc-7.3.1.24_linux64/bin/../lib/gcc/msp430-elf/7.3.1/large/crtbegin.o
 .tm_clone_table
                0x000000000000c2b4        0x0 /home/matt/ti/ccsv8/tools/compiler/msp430-gcc-7.3.1.24_linux64/bin/../lib/gcc/msp430-elf/7.3.1/large/crtend.o
                0x000000000000c2b4                __TMC_END__

.data           0x0000000000000200        0x0 load address 0x000000000000c2b4
                0x0000000000000200                . = ALIGN (0x2)
                0x0000000000000200                PROVIDE (__datastart, .)
 *(.jcr)
 *(.data.rel.ro.local)
 *(.data.rel.ro*)
 *(.dynamic)
 *(.data .data.* .gnu.linkonce.d.*)
 *(.gnu.linkonce.d.*personality*)
 *(.data1)
 *(.got.plt)
 *(.got)
                0x0000000000000200                . = ALIGN (0x2)
 *(.sdata .sdata.* .gnu.linkonce.s.* D_2 D_1)
                0x0000000000000200                . = ALIGN (0x2)
                0x0000000000000200                _edata = .
                [!provide]                        PROVIDE (edata, .)
                [!provide]                        PROVIDE (__dataend, .)
                0x000000000000c2b4                PROVIDE (__romdatastart, LOADADDR (.data))
                0x0000000000000000                PROVIDE (__romdatacopysize, SIZEOF (.data))

.bss            0x0000000000000200       0x1e load address 0x000000000000c2b4
                0x0000000000000200                . = ALIGN (0x2)
                0x0000000000000200                PROVIDE (__bssstart, .)
 *(.dynbss)
 *(.sbss .sbss.*)
 *(.bss .bss.* .gnu.linkonce.b.*)
 .bss.completed.3056
                0x0000000000000200        0x1 /home/matt/ti/ccsv8/tools/compiler/msp430-gcc-7.3.1.24_linux64/bin/../lib/gcc/msp430-elf/7.3.1/large/crtbegin.o
 *fill*         0x0000000000000201        0x1 
 .bss.dtor_idx.3058
                0x0000000000000202        0x4 /home/matt/ti/ccsv8/tools/compiler/msp430-gcc-7.3.1.24_linux64/bin/../lib/gcc/msp430-elf/7.3.1/large/crtbegin.o
 .bss.object.3071
                0x0000000000000206       0x18 /home/matt/ti/ccsv8/tools/compiler/msp430-gcc-7.3.1.24_linux64/bin/../lib/gcc/msp430-elf/7.3.1/large/crtbegin.o
                0x000000000000021e                . = ALIGN (0x2)
 *(COMMON)
                [!provide]                        PROVIDE (__bssend, .)
                0x000000000000001e                PROVIDE (__bsssize, SIZEOF (.bss))

.noinit         0x000000000000021e        0x0 load address 0x000000000000c2b4
                0x000000000000021e                . = ALIGN (0x2)
                [!provide]                        PROVIDE (__noinit_start, .)
 *(.noinit)
                0x000000000000021e                . = ALIGN (0x2)
                [!provide]                        PROVIDE (__noinit_end, .)
                0x000000000000021e                end = .

.heap           0x000000000000021e        0x4 load address 0x000000000000c2b4
                0x000000000000021e                . = ALIGN (0x2)
                0x000000000000021e                __heap_start__ = .
                0x000000000000021e                _end = __heap_start__
                [!provide]                        PROVIDE (end, .)
 *(.heap)
                0x000000000000021e                _end = .
                [!provide]                        PROVIDE (end, .)
                0x000000000000021e        0x4 LONG 0x0
                0x0000000000000222                __heap_end__ = .
                0x0000000000000222                __HeapLimit = __heap_end__

.stack          0x0000000000000400        0x0
                0x0000000000000400                PROVIDE (__stack, .)
 *(.stack)

.infoA

.infoB

.infoC

.infoD

.MSP430.attributes
                0x0000000000000000       0x17
 *(.MSP430.attributes)
 .MSP430.attributes
                0x0000000000000000       0x17 /home/matt/ti/ccsv8/tools/compiler/msp430-gcc-7.3.1.24_linux64/bin/../lib/gcc/msp430-elf/7.3.1/../../../../msp430-elf/lib/large/crt0.o
 .MSP430.attributes
                0x0000000000000017       0x17 /home/matt/ti/ccsv8/tools/compiler/msp430-gcc-7.3.1.24_linux64/bin/../lib/gcc/msp430-elf/7.3.1/large/crtbegin.o
 .MSP430.attributes
                0x000000000000002e       0x17 ./main.o
 .MSP430.attributes
                0x0000000000000045       0x17 /home/matt/ti/ccsv8/tools/compiler/msp430-gcc-7.3.1.24_linux64/bin/../lib/gcc/msp430-elf/7.3.1/../../../../msp430-elf/lib/large/libcrt.a(crt_bss.o)
 .MSP430.attributes
                0x000000000000005c       0x17 /home/matt/ti/ccsv8/tools/compiler/msp430-gcc-7.3.1.24_linux64/bin/../lib/gcc/msp430-elf/7.3.1/../../../../msp430-elf/lib/large/libcrt.a(crt_movedata.o)
 .MSP430.attributes
                0x0000000000000073       0x17 /home/matt/ti/ccsv8/tools/compiler/msp430-gcc-7.3.1.24_linux64/bin/../lib/gcc/msp430-elf/7.3.1/../../../../msp430-elf/lib/large/libcrt.a(crt_main.o)
 .MSP430.attributes
                0x000000000000008a       0x17 /home/matt/ti/ccsv8/tools/compiler/msp430-gcc-7.3.1.24_linux64/bin/../lib/gcc/msp430-elf/7.3.1/../../../../msp430-elf/lib/large/libc.a(lib_a-memmove.o)
 .MSP430.attributes
                0x00000000000000a1       0x17 /home/matt/ti/ccsv8/tools/compiler/msp430-gcc-7.3.1.24_linux64/bin/../lib/gcc/msp430-elf/7.3.1/../../../../msp430-elf/lib/large/libc.a(lib_a-memset.o)
 .MSP430.attributes
                0x00000000000000b8       0x17 /home/matt/ti/ccsv8/tools/compiler/msp430-gcc-7.3.1.24_linux64/bin/../lib/gcc/msp430-elf/7.3.1/large/crtend.o
 .MSP430.attributes
                0x00000000000000cf       0x17 /home/matt/ti/ccsv8/tools/compiler/msp430-gcc-7.3.1.24_linux64/bin/../lib/gcc/msp430-elf/7.3.1/../../../../msp430-elf/lib/large/crtn.o
 *(.gnu.attributes)
 *(__TI_build_attributes)

.stab
 *(.stab)

.stabstr
 *(.stabstr)

.stab.excl
 *(.stab.excl)

.stab.exclstr
 *(.stab.exclstr)

.stab.index
 *(.stab.index)

.stab.indexstr
 *(.stab.indexstr)

.comment        0x0000000000000000       0x39
 *(.comment)
 .comment       0x0000000000000000       0x39 /home/matt/ti/ccsv8/tools/compiler/msp430-gcc-7.3.1.24_linux64/bin/../lib/gcc/msp430-elf/7.3.1/large/crtbegin.o
                                         0x3a (size before relaxing)
 .comment       0x0000000000000039       0x3a ./main.o
 .comment       0x0000000000000039       0x3a /home/matt/ti/ccsv8/tools/compiler/msp430-gcc-7.3.1.24_linux64/bin/../lib/gcc/msp430-elf/7.3.1/../../../../msp430-elf/lib/large/libc.a(lib_a-memmove.o)
 .comment       0x0000000000000039       0x3a /home/matt/ti/ccsv8/tools/compiler/msp430-gcc-7.3.1.24_linux64/bin/../lib/gcc/msp430-elf/7.3.1/../../../../msp430-elf/lib/large/libc.a(lib_a-memset.o)
 .comment       0x0000000000000039       0x3a /home/matt/ti/ccsv8/tools/compiler/msp430-gcc-7.3.1.24_linux64/bin/../lib/gcc/msp430-elf/7.3.1/large/crtend.o

.debug
 *(.debug)

.line
 *(.line)

.debug_srcinfo
 *(.debug_srcinfo)

.debug_sfnames
 *(.debug_sfnames)

.debug_aranges  0x0000000000000000       0x20
 *(.debug_aranges)
 .debug_aranges
                0x0000000000000000       0x20 ./main.o

.debug_pubnames
 *(.debug_pubnames)

.debug_info     0x0000000000000000      0x5a2
 *(.debug_info .gnu.linkonce.wi.*)
 .debug_info    0x0000000000000000      0x5a2 ./main.o

.debug_abbrev   0x0000000000000000       0x6e
 *(.debug_abbrev)
 .debug_abbrev  0x0000000000000000       0x6e ./main.o

.debug_line     0x0000000000000000       0x9a
 *(.debug_line .debug_line.* .debug_line_end)
 .debug_line    0x0000000000000000       0x9a ./main.o

.debug_frame    0x0000000000000000       0x24
 *(.debug_frame)
 .debug_frame   0x0000000000000000       0x24 ./main.o

.debug_str      0x0000000000000000      0x453
 *(.debug_str)
 .debug_str     0x0000000000000000      0x453 ./main.o

.debug_loc
 *(.debug_loc)

.debug_macinfo
 *(.debug_macinfo)

.debug_weaknames
 *(.debug_weaknames)

.debug_funcnames
 *(.debug_funcnames)

.debug_typenames
 *(.debug_typenames)

.debug_varnames
 *(.debug_varnames)

/DISCARD/
 *(.note.GNU-stack)
                [!provide]                        PROVIDE (IE1, 0x0)
                [!provide]                        PROVIDE (IFG1, 0x2)
                [!provide]                        PROVIDE (IE2, 0x1)
                [!provide]                        PROVIDE (IFG2, 0x3)
                [!provide]                        PROVIDE (ADC10DTC0, 0x48)
                [!provide]                        PROVIDE (ADC10DTC1, 0x49)
                [!provide]                        PROVIDE (ADC10AE0, 0x4a)
                [!provide]                        PROVIDE (ADC10CTL0, 0x1b0)
                [!provide]                        PROVIDE (ADC10CTL1, 0x1b2)
                [!provide]                        PROVIDE (ADC10MEM, 0x1b4)
                [!provide]                        PROVIDE (ADC10SA, 0x1bc)
                [!provide]                        PROVIDE (DCOCTL, 0x56)
                [!provide]                        PROVIDE (BCSCTL1, 0x57)
                [!provide]                        PROVIDE (BCSCTL2, 0x58)
                [!provide]                        PROVIDE (BCSCTL3, 0x53)
                [!provide]                        PROVIDE (CACTL1, 0x59)
                [!provide]                        PROVIDE (CACTL2, 0x5a)
                [!provide]                        PROVIDE (CAPD, 0x5b)
                [!provide]                        PROVIDE (FCTL1, 0x128)
                [!provide]                        PROVIDE (FCTL2, 0x12a)
                [!provide]                        PROVIDE (FCTL3, 0x12c)
                [!provide]                        PROVIDE (P1IN, 0x20)
                0x0000000000000021                PROVIDE (P1OUT, 0x21)
                0x0000000000000022                PROVIDE (P1DIR, 0x22)
                [!provide]                        PROVIDE (P1IFG, 0x23)
                [!provide]                        PROVIDE (P1IES, 0x24)
                [!provide]                        PROVIDE (P1IE, 0x25)
                [!provide]                        PROVIDE (P1SEL, 0x26)
                [!provide]                        PROVIDE (P1SEL2, 0x41)
                [!provide]                        PROVIDE (P1REN, 0x27)
                [!provide]                        PROVIDE (P2IN, 0x28)
                [!provide]                        PROVIDE (P2OUT, 0x29)
                0x000000000000002a                PROVIDE (P2DIR, 0x2a)
                [!provide]                        PROVIDE (P2IFG, 0x2b)
                [!provide]                        PROVIDE (P2IES, 0x2c)
                [!provide]                        PROVIDE (P2IE, 0x2d)
                [!provide]                        PROVIDE (P2SEL, 0x2e)
                [!provide]                        PROVIDE (P2SEL2, 0x42)
                [!provide]                        PROVIDE (P2REN, 0x2f)
                [!provide]                        PROVIDE (P3IN, 0x18)
                [!provide]                        PROVIDE (P3OUT, 0x19)
                0x000000000000001a                PROVIDE (P3DIR, 0x1a)
                [!provide]                        PROVIDE (P3SEL, 0x1b)
                [!provide]                        PROVIDE (P3SEL2, 0x43)
                [!provide]                        PROVIDE (P3REN, 0x10)
                [!provide]                        PROVIDE (TA0IV, 0x12e)
                [!provide]                        PROVIDE (TA0CTL, 0x160)
                [!provide]                        PROVIDE (TA0CCTL0, 0x162)
                [!provide]                        PROVIDE (TA0CCTL1, 0x164)
                [!provide]                        PROVIDE (TA0CCTL2, 0x166)
                [!provide]                        PROVIDE (TA0R, 0x170)
                [!provide]                        PROVIDE (TA0CCR0, 0x172)
                [!provide]                        PROVIDE (TA0CCR1, 0x174)
                [!provide]                        PROVIDE (TA0CCR2, 0x176)
                [!provide]                        PROVIDE (TA1IV, 0x11e)
                [!provide]                        PROVIDE (TA1CTL, 0x180)
                [!provide]                        PROVIDE (TA1CCTL0, 0x182)
                [!provide]                        PROVIDE (TA1CCTL1, 0x184)
                [!provide]                        PROVIDE (TA1CCTL2, 0x186)
                [!provide]                        PROVIDE (TA1R, 0x190)
                [!provide]                        PROVIDE (TA1CCR0, 0x192)
                [!provide]                        PROVIDE (TA1CCR1, 0x194)
                [!provide]                        PROVIDE (TA1CCR2, 0x196)
                [!provide]                        PROVIDE (UCA0CTL0, 0x60)
                [!provide]                        PROVIDE (UCA0CTL1, 0x61)
                [!provide]                        PROVIDE (UCA0BR0, 0x62)
                [!provide]                        PROVIDE (UCA0BR1, 0x63)
                [!provide]                        PROVIDE (UCA0MCTL, 0x64)
                [!provide]                        PROVIDE (UCA0STAT, 0x65)
                [!provide]                        PROVIDE (UCA0RXBUF, 0x66)
                [!provide]                        PROVIDE (UCA0TXBUF, 0x67)
                [!provide]                        PROVIDE (UCA0ABCTL, 0x5d)
                [!provide]                        PROVIDE (UCA0IRTCTL, 0x5e)
                [!provide]                        PROVIDE (UCA0IRRCTL, 0x5f)
                [!provide]                        PROVIDE (UCB0CTL0, 0x68)
                [!provide]                        PROVIDE (UCB0CTL1, 0x69)
                [!provide]                        PROVIDE (UCB0BR0, 0x6a)
                [!provide]                        PROVIDE (UCB0BR1, 0x6b)
                [!provide]                        PROVIDE (UCB0I2CIE, 0x6c)
                [!provide]                        PROVIDE (UCB0STAT, 0x6d)
                [!provide]                        PROVIDE (UCB0RXBUF, 0x6e)
                [!provide]                        PROVIDE (UCB0TXBUF, 0x6f)
                [!provide]                        PROVIDE (UCB0I2COA, 0x118)
                [!provide]                        PROVIDE (UCB0I2CSA, 0x11a)
                0x0000000000000120                PROVIDE (WDTCTL, 0x120)
                [!provide]                        PROVIDE (CALDCO_16MHZ, 0x10f8)
                [!provide]                        PROVIDE (CALBC1_16MHZ, 0x10f9)
                [!provide]                        PROVIDE (CALDCO_12MHZ, 0x10fa)
                [!provide]                        PROVIDE (CALBC1_12MHZ, 0x10fb)
                [!provide]                        PROVIDE (CALDCO_8MHZ, 0x10fc)
                [!provide]                        PROVIDE (CALBC1_8MHZ, 0x10fd)
                [!provide]                        PROVIDE (CALDCO_1MHZ, 0x10fe)
                [!provide]                        PROVIDE (CALBC1_1MHZ, 0x10ff)
                [!provide]                        PROVIDE (TLV_CHECKSUM, 0x10c0)
                [!provide]                        PROVIDE (TLV_DCO_30_TAG, 0x10f6)
                [!provide]                        PROVIDE (TLV_DCO_30_LEN, 0x10f7)
                [!provide]                        PROVIDE (TLV_ADC10_1_TAG, 0x10da)
                [!provide]                        PROVIDE (TLV_ADC10_1_LEN, 0x10db)
OUTPUT(main.out elf32-msp430)
